// Jest Snapshot v1, https://goo.gl/fbAQLP

exports[`Atoms/Screen passes the snapshot test 1`] = `
<RCTSafeAreaView
  emulateUnlessSupported={true}
  style={
    Object {
      "backgroundColor": "#FFFFFF",
      "flex": 1,
      "paddingTop": 0,
    }
  }
>
  <RCTScrollView
    automaticallyAdjustContentInsets={false}
    bounces={true}
    contentContainerStyle={
      Object {
        "flexGrow": 1,
      }
    }
    contentInset={
      Object {
        "bottom": 0,
      }
    }
    enableAutomaticScroll={true}
    enableOnAndroid={true}
    enableResetScrollToCoords={true}
    extraHeight={100}
    extraScrollHeight={0}
    getScrollResponder={[Function]}
    handleOnScroll={[Function]}
    keyboardDismissMode="interactive"
    keyboardOpeningTime={250}
    keyboardSpace={0}
    onScroll={[Function]}
    resetKeyboardSpace={[Function]}
    scrollEnabled={true}
    scrollEventThrottle={1}
    scrollForExtraHeightOnAndroid={[Function]}
    scrollIntoView={[Function]}
    scrollToEnd={[Function]}
    scrollToFocusedInput={[Function]}
    scrollToPosition={[Function]}
    scrollable={true}
    showScrollBar={false}
    showsVerticalScrollIndicator={false}
    update={[Function]}
    viewIsInsideTabBar={false}
  >
    <View>
      <View
        style={
          Object {
            "backgroundColor": "#FFFFFF",
            "display": "flex",
            "flex": 1,
            "flexDirection": "column",
            "padding": 16,
          }
        }
      />
    </View>
  </RCTScrollView>
</RCTSafeAreaView>
`;
