// Jest Snapshot v1, https://goo.gl/fbAQLP

exports[`Atoms/Text passes the snapshot test 1`] = `
<Text
  style={
    Object {
      "color": "#1A2138",
      "display": "flex",
      "fontFamily": "Poppins-Regular",
      "fontSize": 20,
      "fontWeight": "400",
      "lineHeight": 30,
    }
  }
>
  Hi I am a text
</Text>
`;
