// Jest Snapshot v1, https://goo.gl/fbAQLP

exports[`Atoms/List passes the snapshot test 1`] = `
<View
  style={
    {
      "flex": 1,
    }
  }
>
  <View
    animate={{}}
    animatedStyle={
      {
        "value": {},
      }
    }
    collapsable={false}
    style={
      {
        "flexDirection": "column",
        "flexWrap": "nowrap",
      }
    }
  />
</View>
`;
