// Jest Snapshot v1, https://goo.gl/fbAQLP

exports[`Atoms/Grid passes the snapshot test 1`] = `
<View
  style={
    {
      "flex": 1,
    }
  }
>
  <View
    animate={{}}
    animatedStyle={
      {
        "value": {},
      }
    }
    collapsable={false}
    style={{}}
    transition={
      {
        "dampingRatio": 1,
        "duration": 100,
        "type": "spring",
      }
    }
  />
</View>
`;
