// Jest Snapshot v1, https://goo.gl/fbAQLP

exports[`Atoms/Box exists 1`] = `
<View
  style={
    Array [
      Object {
        "display": "flex",
      },
    ]
  }
>
  asdasd
</View>
`;
