// Jest Snapshot v1, https://goo.gl/fbAQLP

exports[`Atoms/Box passes the snapshot test 1`] = `
<View
  style={
    Object {
      "display": "flex",
    }
  }
>
  asdasd
</View>
`;
