// Jest Snapshot v1, https://goo.gl/fbAQLP

exports[`Atoms/Center passes the snapshot test 1`] = `
<View
  style={
    Object {
      "flex": 1,
    }
  }
>
  <View
    animatedStyle={
      Object {
        "value": Object {
          "transform": Array [],
        },
      }
    }
    collapsable={false}
    style={
      Object {
        "alignItems": "center",
        "display": "flex",
        "justifyContent": "center",
        "transform": Array [],
      }
    }
  >
    This is centered
  </View>
</View>
`;
